src/api/mock.ts(1,18): error TS2307: Cannot find module 'mockjs' or its corresponding type declarations.
src/pages/MapEcharts/mainEchart.tsx(116,24): error TS2345: Argument of type '(plugin: CustomPluginOption) => CustomPluginOption[]' is not assignable to parameter of type 'PluginOptions | ((prev: PluginOptions) => PluginOptions)'.
  Type '(plugin: CustomPluginOption) => CustomPluginOption[]' is not assignable to type '(prev: PluginOptions) => PluginOptions'.
    Types of parameters 'plugin' and 'prev' are incompatible.
      Property 'type' is missing in type '(string | CustomPluginOption | ((this: Graph) => CustomPluginOption))[]' but required in type 'CustomPluginOption'.
src/pages/MapEcharts/mainEchart.tsx(116,61): error TS2488: Type 'CustomPluginOption' must have a '[Symbol.iterator]()' method that returns an iterator.
src/pages/MapEcharts/mainEchart.tsx(173,11): error TS2322: Type 'PluginOptions' is not assignable to type 'CustomPluginOption[]'.
  Type 'string | CustomPluginOption | ((this: Graph) => CustomPluginOption)' is not assignable to type 'CustomPluginOption'.
    Type 'string' is not assignable to type 'CustomPluginOption'.
src/pages/MapEcharts/mainEchart.tsx(176,25): error TS2345: Argument of type '(plugin: CustomPluginOption) => CustomPluginOption[]' is not assignable to parameter of type 'PluginOptions | ((prev: PluginOptions) => PluginOptions)'.
  Type '(plugin: CustomPluginOption) => CustomPluginOption[]' is not assignable to type '(prev: PluginOptions) => PluginOptions'.
    Types of parameters 'plugin' and 'prev' are incompatible.
      Property 'type' is missing in type '(string | CustomPluginOption | ((this: Graph) => CustomPluginOption))[]' but required in type 'CustomPluginOption'.
src/pages/MapEcharts/mainEchart.tsx(176,62): error TS2488: Type 'CustomPluginOption' must have a '[Symbol.iterator]()' method that returns an iterator.
src/pages/MapEcharts/mainEchart.tsx(178,25): error TS2345: Argument of type '(plugin: CustomPluginOption) => CustomPluginOption[]' is not assignable to parameter of type 'PluginOptions | ((prev: PluginOptions) => PluginOptions)'.
  Type '(plugin: CustomPluginOption) => CustomPluginOption[]' is not assignable to type '(prev: PluginOptions) => PluginOptions'.
    Types of parameters 'plugin' and 'prev' are incompatible.
      Property 'type' is missing in type '(string | CustomPluginOption | ((this: Graph) => CustomPluginOption))[]' but required in type 'CustomPluginOption'.
src/pages/MapEcharts/mainEchart.tsx(178,62): error TS2488: Type 'CustomPluginOption' must have a '[Symbol.iterator]()' method that returns an iterator.
src/Router.tsx(12,40): error TS2741: Property 'options' is missing in type '{}' but required in type 'GraphProps'.
