node_modules/.pnpm/unconfig@7.4.2/node_modules/unconfig/dist/index.d.mts(8,60): error TS2304: Cannot find name 'Args'.
